[backblue.gif]
[fade.gif]
[index.html]
[home.earthlink.net/imagelib/sitebuilder/layout/mkg_dashedstar_1.jpg]
[home.earthlink.net/imagelib/sitebuilder/layout/spacer.gif]
[home.earthlink.net/imagelib/sitebuilder/layout/mkg_dashedstar_2.gif]
[home.earthlink.net/imagelib/sitebuilder/layout/blank.gif]
[home.earthlink.net/_seegreet/bergerpicardcaspian/index.html]
[home.earthlink.net/_seegreet/sitebuildercontent/sitebuilderpictures/cassie.jpg]
[home.earthlink.net/_seegreet/bergerpicardcaspian/index-2.html]
[home.earthlink.net/_seegreet/bergerpicardcaspian/id4.html]
[home.earthlink.net/_seegreet/sitebuildercontent/sitebuilderpictures/cassieandhorn.jpg]
[home.earthlink.net/_seegreet/sitebuildercontent/sitebuilderpictures/cassieandrackham.jpg]
[home.earthlink.net/_seegreet/sitebuildercontent/sitebuilderpictures/cassieandveiga.jpg]
[home.earthlink.net/_seegreet/sitebuildercontent/sitebuilderpictures/cassieandtitania.jpg]
[home.earthlink.net/_seegreet/bergerpicardcaspian/id43.html]
[home.earthlink.net/_seegreet/bergerpicardcaspian/id5.html]
[home.earthlink.net/_seegreet/bergerpicardcaspian/id2.html]
[home.earthlink.net/_seegreet/sitebuildercontent/sitebuilderpictures/cassie8weeks.jpg]
[home.earthlink.net/_seegreet/sitebuildercontent/sitebuilderpictures/cassiea9w.jpg]
[home.earthlink.net/_seegreet/sitebuildercontent/sitebuilderpictures/oneupandonedown.jpg]
[home.earthlink.net/_seegreet/sitebuildercontent/sitebuilderpictures/besttoyever.jpg]
[home.earthlink.net/_seegreet/sitebuildercontent/sitebuilderpictures/snowyface.jpg]
[home.earthlink.net/_seegreet/sitebuildercontent/sitebuilderpictures/kingofthewoods.jpg]
[home.earthlink.net/_seegreet/bergerpicardcaspian/id3.html]
[home.earthlink.net/_seegreet/sitebuildercontent/sitebuilderpictures/44.jpg]
[home.earthlink.net/_seegreet/sitebuildercontent/sitebuilderpictures/surveyingtheplayground.jpg]
[home.earthlink.net/_seegreet/sitebuildercontent/sitebuilderpictures/9.jpg]
[home.earthlink.net/_seegreet/sitebuildercontent/sitebuilderpictures/meandmyboy.jpg]
[home.earthlink.net/_seegreet/sitebuildercontent/sitebuilderpictures/herdingpractice.jpg]
[home.earthlink.net/_seegreet/sitebuildercontent/sitebuilderpictures/cassie17.jpg]
[home.earthlink.net/_seegreet/bergerpicardcaspian/id8.html]
[home.earthlink.net/_seegreet/sitebuildercontent/sitebuilderpictures/14a.jpg]
[home.earthlink.net/_seegreet/sitebuildercontent/sitebuilderpictures/20.jpg]
[home.earthlink.net/_seegreet/sitebuildercontent/sitebuilderpictures/19.jpg]
[home.earthlink.net/_seegreet/bergerpicardcaspian/id9.html]
[home.earthlink.net/_seegreet/sitebuildercontent/sitebuilderpictures/smile.jpg]
[home.earthlink.net/_seegreet/sitebuildercontent/sitebuilderpictures/15a.jpg]
[home.earthlink.net/_seegreet/sitebuildercontent/sitebuilderpictures/content.jpg]
[home.earthlink.net/_seegreet/bergerpicardcaspian/id10.html]
[home.earthlink.net/_seegreet/sitebuildercontent/sitebuilderpictures/cassieinmarch.jpg]
[home.earthlink.net/_seegreet/sitebuildercontent/sitebuilderpictures/meandmygirl.jpg]
[home.earthlink.net/_seegreet/sitebuildercontent/sitebuilderpictures/autumn1.jpg]
[home.earthlink.net/_seegreet/sitebuildercontent/sitebuilderpictures/34.jpg]
[home.earthlink.net/_seegreet/sitebuildercontent/sitebuilderpictures/42.jpg]
[home.earthlink.net/_seegreet/bergerpicardcaspian/id25.html]
[home.earthlink.net/_seegreet/sitebuildercontent/sitebuilderpictures/dsc00662.jpg]
[home.earthlink.net/_seegreet/sitebuildercontent/sitebuilderpictures/30a.jpg]
[home.earthlink.net/_seegreet/sitebuildercontent/sitebuilderpictures/cassieandbeau.jpg]
[home.earthlink.net/_seegreet/sitebuildercontent/sitebuilderpictures/dsc00339.jpg]
[home.earthlink.net/_seegreet/sitebuildercontent/sitebuilderpictures/dsc06571.jpg]
[home.earthlink.net/_seegreet/sitebuildercontent/sitebuilderpictures/dsc00002a.jpg]
[home.earthlink.net/_seegreet/bergerpicardcaspian/id46.html]
[home.earthlink.net/_seegreet/sitebuildercontent/sitebuilderpictures/cassieandelizabeth.jpg]
[home.earthlink.net/_seegreet/bergerpicardcaspian/id50.html]
[home.earthlink.net/_seegreet/sitebuildercontent/sitebuilderpictures/cassieandmeggie.jpg]
[home.earthlink.net/_seegreet/bergerpicardcaspian/id49.html]
[home.earthlink.net/_seegreet/sitebuildercontent/sitebuilderpictures/cassieandsugar.jpg]
[home.earthlink.net/_seegreet/sitebuildercontent/sitebuilderpictures/sugarandpups.jpg]
[home.earthlink.net/_seegreet/bergerpicardcaspian/id27.html]
[home.earthlink.net/_seegreet/sitebuildercontent/sitebuilderpictures/cassiehanel.jpg]
[home.earthlink.net/_seegreet/sitebuildercontent/sitebuilderpictures/tendays.jpg]
[home.earthlink.net/_seegreet/sitebuildercontent/sitebuilderpictures/playinginthemilk.jpg]
[home.earthlink.net/_seegreet/sitebuildercontent/sitebuilderpictures/mumandpups.jpg]
[home.earthlink.net/_seegreet/sitebuildercontent/sitebuilderpictures/boys.jpg]
[home.earthlink.net/_seegreet/sitebuildercontent/sitebuilderpictures/weeks.jpg]
[home.earthlink.net/_seegreet/bergerpicardcaspian/id48.html]
[home.earthlink.net/_seegreet/sitebuildercontent/sitebuilderpictures/18a.jpg]
[home.earthlink.net/_seegreet/bergerpicardcaspian/id12.html]
[home.earthlink.net/_seegreet/sitebuildercontent/sitebuilderpictures/cmwin.jpg]
[home.earthlink.net/_seegreet/sitebuildercontent/sitebuilderpictures/27a.jpg]
[home.earthlink.net/_seegreet/sitebuildercontent/sitebuilderpictures/untitledab.jpg]
[home.earthlink.net/_seegreet/sitebuildercontent/sitebuilderpictures/summer.jpg]
[home.earthlink.net/_seegreet/sitebuildercontent/sitebuilderpictures/43.jpg]
[home.earthlink.net/_seegreet/bergerpicardcaspian/id11.html]
[home.earthlink.net/_seegreet/bergerpicardcaspian/id16.html]
[home.earthlink.net/_seegreet/sitebuildercontent/sitebuilderpictures/veigdestephieci.jpg]
[home.earthlink.net/_seegreet/bergerpicardcaspian/id28.html]
[home.earthlink.net/_seegreet/sitebuildercontent/sitebuilderpictures/portosdestephieci.jpg]
[home.earthlink.net/_seegreet/bergerpicardcaspian/id45.html]
[home.earthlink.net/_seegreet/sitebuildercontent/sitebuilderpictures/jeffdestephieci.jpg]
[home.earthlink.net/_seegreet/bergerpicardcaspian/id32.html]
[home.earthlink.net/_seegreet/sitebuildercontent/sitebuilderpictures/mademoiselledestephiecia.jpg]
[home.earthlink.net/_seegreet/bergerpicardcaspian/id35.html]
[home.earthlink.net/_seegreet/sitebuildercontent/sitebuilderpictures/titaniadestephieci1.jpg]
[home.earthlink.net/_seegreet/sitebuildercontent/sitebuilderpictures/titaniadestephieci2.jpg]
[home.earthlink.net/_seegreet/sitebuildercontent/sitebuilderpictures/titaniadestephieci.jpg]
[home.earthlink.net/_seegreet/bergerpicardcaspian/id33.html]
[home.earthlink.net/_seegreet/sitebuildercontent/sitebuilderpictures/rackham.jpg]
[home.earthlink.net/_seegreet/sitebuildercontent/sitebuilderpictures/rackhamdelatourphilippe1.jpg]
[home.earthlink.net/_seegreet/sitebuildercontent/sitebuilderpictures/rackhamdelatourphilippe2.jpg]
[home.earthlink.net/_seegreet/bergerpicardcaspian/id30.html]
[home.earthlink.net/_seegreet/sitebuildercontent/sitebuilderpictures/lounadestephieci1.jpg]
[home.earthlink.net/_seegreet/bergerpicardcaspian/id36.html]
[home.earthlink.net/_seegreet/sitebuildercontent/sitebuilderpictures/telenndudejacquedan1.jpg]
[home.earthlink.net/_seegreet/bergerpicardcaspian/id29.html]
[home.earthlink.net/_seegreet/sitebuildercontent/sitebuilderpictures/horndelafontegude1.jpg]
[home.earthlink.net/_seegreet/bergerpicardcaspian/id31.html]
[home.earthlink.net/_seegreet/sitebuildercontent/sitebuilderpictures/morvandelannguic.jpg]
[home.earthlink.net/_seegreet/bergerpicardcaspian/id37.html]
[home.earthlink.net/_seegreet/bergerpicardcaspian/id44.html]
[home.earthlink.net/_seegreet/sitebuildercontent/sitebuilderpictures/yogi.jpg]
[home.earthlink.net/_seegreet/sitebuildercontent/sitebuilderpictures/yogib.jpg]
[home.earthlink.net/_seegreet/sitebuildercontent/sitebuilderpictures/yogia.jpg]
[home.earthlink.net/_seegreet/sitebuildercontent/sitebuilderpictures/yogi2.jpg]
[home.earthlink.net/_seegreet/sitebuildercontent/sitebuilderpictures/yogi2a.jpg]
[home.earthlink.net/_seegreet/bergerpicardcaspian/id40.html]
[home.earthlink.net/_seegreet/sitebuildercontent/sitebuilderpictures/img1604.jpg]
[home.earthlink.net/_seegreet/sitebuildercontent/sitebuilderpictures/img1769.jpg]
[home.earthlink.net/_seegreet/sitebuildercontent/sitebuilderpictures/img1790.jpg]
[home.earthlink.net/_seegreet/sitebuildercontent/sitebuilderpictures/img1786.jpg]
[home.earthlink.net/_seegreet/sitebuildercontent/sitebuilderpictures/img_1791.jpg]
[home.earthlink.net/_seegreet/bergerpicardcaspian/id41.html]
[home.earthlink.net/imagelib/sitebuilder/layout/border_gray_jigsaw_across.gif]
[home.earthlink.net/imagelib/sitebuilder/layout/border_gray_jigsaw_down.gif]
[home.earthlink.net/_seegreet/sitebuildercontent/sitebuilderpictures/caspianofaheart.jpg]
[home.earthlink.net/_seegreet/bergerpicardcaspian/id38.html]
[home.earthlink.net/imagelib/sitebuilder/layout/frame_dkblue_canvas.gif]
[home.earthlink.net/_seegreet/sitebuildercontent/sitebuilderpictures/caspianchic.jpg]
[home.earthlink.net/_seegreet/bergerpicardcaspian/id42.html]
[home.earthlink.net/_seegreet/sitebuildercontent/sitebuilderpictures/caspianofathyroid.jpg]
[home.earthlink.net/_seegreet/sitebuildercontent/sitebuilderpictures/caspianthyroidletter.jpg]
[home.earthlink.net/_seegreet/bergerpicardcaspian/id23.html]
[home.earthlink.net/_seegreet/sitebuildercontent/sitebuilderpictures/caspianattscertificate.jpg]
[home.earthlink.net/_seegreet/bergerpicardcaspian/id14.html]
[home.earthlink.net/_seegreet/sitebuildercontent/sitebuilderpictures/evaluationsmall.jpg]
[home.earthlink.net/_seegreet/bergerpicardcaspian/id13.html]
[home.earthlink.net/_seegreet/sitebuildercontent/sitebuilderpictures/caspianofahip.jpg]
[home.earthlink.net/_seegreet/bergerpicardcaspian/id21.html]
[home.earthlink.net/_seegreet/sitebuildercontent/sitebuilderpictures/caspianofacerf2013.jpg]
[home.earthlink.net/_seegreet/sitebuildercontent/sitebuilderpictures/cerf2013letter.jpg]
[home.earthlink.net/_seegreet/bergerpicardcaspian/id22.html]
[home.earthlink.net/_seegreet/sitebuildercontent/sitebuilderpictures/firstmeeting.jpg]
[home.earthlink.net/_seegreet/bergerpicardcaspian/id17.html]
[home.earthlink.net/_seegreet/bergerpicardcaspian/id18.html]
[home.earthlink.net/_seegreet/sitebuildercontent/sitebuilderpictures/cassieasleep.jpg]
[home.earthlink.net/_seegreet/bergerpicardcaspian/id19.html]
